// Jest Snapshot v1, https://goo.gl/fbAQLP

exports[`Pruebas en el Navbar component debe de mostrar el componente correctamente 1`] = `
<nav class="navbar bg-primary"><a class="navbar-brand text-white" href=""><img src="" alt="Vue Logo" height="24" class="d-inline-block align-text-top mx-2"> Daybook de Juan Carlos</a>
  <div class="d-flex"><button class="btn btn-outline-info mx-2"><i class="fa fa-sign-out-alt"></i></button></div>
</nav>
`;
